// Jest Snapshot v1, https://goo.gl/fbAQLP

exports[`should correctly render ExpensesSummary with multiple expenses 1`] = `
<div>
  <h1>
    Viewing 
     
    expenses
     totalling 
    $2.4
  </h1>
</div>
`;

exports[`should correctly render ExpensesSummary with one expense 1`] = `
<div>
  <h1>
    Viewing 
     
    expenses
     totalling 
    $2.4
  </h1>
</div>
`;
