// Jest Snapshot v1, https://goo.gl/fbAQLP

exports[`should render not found page 1`] = `
<div>
  404 Not Found - 
  <Link
    replace={false}
    to="/"
  >
    Go
  </Link>
</div>
`;
